--------------------------------------------------
---- Marvellous Platform Survillence System ----
Log file gets created at : 2026-07-28_21-32-21
--------------------------------------------------

---------------- System Report -----------------
Number of active CPU cores : 4
CPU Usage : 8.7 %
--------------------------------------------------
RAM Usage : 79.7 %
Total RAM available : 4182007808
--------------------------------------------------
Network Usage Report
Sent : 47.59 MB
Receive : 359.51 MB
PID : 4276
Name : python.exe
User Name : DESKTOP-ISH79TQ\Pravin
Status : running
CPU usage : 0.00
RAM usage : 0.33
--------------------------------------------------
--------------------------------------------------
--------------- End of Log File ----------------
--------------------------------------------------
